// Jest Snapshot v1, https://goo.gl/fbAQLP

exports[`renders the Sudoku component as intended 1`] = `
<div>
  <div
    className="css-1mzzuk6"
  >
    <Box
      box={0}
      lockedCells={Array []}
      onClick={[Function]}
      selectedBox={0}
      selectedSquare={0}
      values={
        Array [
          "",
          "",
          "",
          "",
          "",
          "",
          "",
          "",
          "",
        ]
      }
    />
    <Box
      box={1}
      lockedCells={Array []}
      onClick={[Function]}
      selectedBox={0}
      selectedSquare={0}
      values={
        Array [
          "",
          "",
          "",
          "",
          "",
          "",
          "",
          "",
          "",
        ]
      }
    />
    <Box
      box={2}
      lockedCells={Array []}
      onClick={[Function]}
      selectedBox={0}
      selectedSquare={0}
      values={
        Array [
          "",
          "",
          "",
          "",
          "",
          "",
          "",
          "",
          "",
        ]
      }
    />
  </div>
  <div
    className="css-1mzzuk6"
  >
    <Box
      box={3}
      lockedCells={Array []}
      onClick={[Function]}
      selectedBox={0}
      selectedSquare={0}
      values={
        Array [
          "",
          "",
          "",
          "",
          "",
          "",
          "",
          "",
          "",
        ]
      }
    />
    <Box
      box={4}
      lockedCells={Array []}
      onClick={[Function]}
      selectedBox={0}
      selectedSquare={0}
      values={
        Array [
          "",
          "",
          "",
          "",
          "",
          "",
          "",
          "",
          "",
        ]
      }
    />
    <Box
      box={5}
      lockedCells={Array []}
      onClick={[Function]}
      selectedBox={0}
      selectedSquare={0}
      values={
        Array [
          "",
          "",
          "",
          "",
          "",
          "",
          "",
          "",
          "",
        ]
      }
    />
  </div>
  <div
    className="css-1mzzuk6"
  >
    <Box
      box={6}
      lockedCells={Array []}
      onClick={[Function]}
      selectedBox={0}
      selectedSquare={0}
      values={
        Array [
          "",
          "",
          "",
          "",
          "",
          "",
          "",
          "",
          "",
        ]
      }
    />
    <Box
      box={7}
      lockedCells={Array []}
      onClick={[Function]}
      selectedBox={0}
      selectedSquare={0}
      values={
        Array [
          "",
          "",
          "",
          "",
          "",
          "",
          "",
          "",
          "",
        ]
      }
    />
    <Box
      box={8}
      lockedCells={Array []}
      onClick={[Function]}
      selectedBox={0}
      selectedSquare={0}
      values={
        Array [
          "",
          "",
          "",
          "",
          "",
          "",
          "",
          "",
          "",
        ]
      }
    />
  </div>
</div>
`;
