// Jest Snapshot v1, https://goo.gl/fbAQLP

exports[`renders the App component as intended 1`] = `
<div
  className="css-gjqj4"
>
  <div
    className="css-29zzlm"
  >
    Difficulty: 
    Infinity
  </div>
  <div>
    <div
      className="css-1mzzuk6"
    >
      <div
        className="css-vkhxgo"
      >
        <div
          className="css-sjhpqe"
        >
          <div
            box={0}
            className="css-iz9zke"
            onClick={[Function]}
            square={0}
            value=""
          >
            <p
              className="css-1h92lle"
            >
              
            </p>
          </div>
          <div
            box={0}
            className="css-iz9zke"
            onClick={[Function]}
            square={1}
            value=""
          >
            <p
              className="css-1h92lle"
            >
              
            </p>
          </div>
          <div
            box={0}
            className="css-iz9zke"
            onClick={[Function]}
            square={2}
            value=""
          >
            <p
              className="css-1h92lle"
            >
              
            </p>
          </div>
        </div>
        <div
          className="css-sjhpqe"
        >
          <div
            box={0}
            className="css-iz9zke"
            onClick={[Function]}
            square={3}
            value=""
          >
            <p
              className="css-1h92lle"
            >
              
            </p>
          </div>
          <div
            box={0}
            className="css-iz9zke"
            onClick={[Function]}
            square={4}
            value=""
          >
            <p
              className="css-1h92lle"
            >
              
            </p>
          </div>
          <div
            box={0}
            className="css-iz9zke"
            onClick={[Function]}
            square={5}
            value=""
          >
            <p
              className="css-1h92lle"
            >
              
            </p>
          </div>
        </div>
        <div
          className="css-sjhpqe"
        >
          <div
            box={0}
            className="css-iz9zke"
            onClick={[Function]}
            square={6}
            value=""
          >
            <p
              className="css-1h92lle"
            >
              
            </p>
          </div>
          <div
            box={0}
            className="css-iz9zke"
            onClick={[Function]}
            square={7}
            value=""
          >
            <p
              className="css-1h92lle"
            >
              
            </p>
          </div>
          <div
            box={0}
            className="css-iz9zke"
            onClick={[Function]}
            square={8}
            value=""
          >
            <p
              className="css-1h92lle"
            >
              
            </p>
          </div>
        </div>
      </div>
      <div
        className="css-vkhxgo"
      >
        <div
          className="css-sjhpqe"
        >
          <div
            box={1}
            className="css-iz9zke"
            onClick={[Function]}
            square={0}
            value=""
          >
            <p
              className="css-1h92lle"
            >
              
            </p>
          </div>
          <div
            box={1}
            className="css-iz9zke"
            onClick={[Function]}
            square={1}
            value=""
          >
            <p
              className="css-1h92lle"
            >
              
            </p>
          </div>
          <div
            box={1}
            className="css-iz9zke"
            onClick={[Function]}
            square={2}
            value=""
          >
            <p
              className="css-1h92lle"
            >
              
            </p>
          </div>
        </div>
        <div
          className="css-sjhpqe"
        >
          <div
            box={1}
            className="css-iz9zke"
            onClick={[Function]}
            square={3}
            value=""
          >
            <p
              className="css-1h92lle"
            >
              
            </p>
          </div>
          <div
            box={1}
            className="css-iz9zke"
            onClick={[Function]}
            square={4}
            value=""
          >
            <p
              className="css-1h92lle"
            >
              
            </p>
          </div>
          <div
            box={1}
            className="css-iz9zke"
            onClick={[Function]}
            square={5}
            value=""
          >
            <p
              className="css-1h92lle"
            >
              
            </p>
          </div>
        </div>
        <div
          className="css-sjhpqe"
        >
          <div
            box={1}
            className="css-iz9zke"
            onClick={[Function]}
            square={6}
            value=""
          >
            <p
              className="css-1h92lle"
            >
              
            </p>
          </div>
          <div
            box={1}
            className="css-iz9zke"
            onClick={[Function]}
            square={7}
            value=""
          >
            <p
              className="css-1h92lle"
            >
              
            </p>
          </div>
          <div
            box={1}
            className="css-iz9zke"
            onClick={[Function]}
            square={8}
            value=""
          >
            <p
              className="css-1h92lle"
            >
              
            </p>
          </div>
        </div>
      </div>
      <div
        className="css-vkhxgo"
      >
        <div
          className="css-sjhpqe"
        >
          <div
            box={2}
            className="css-iz9zke"
            onClick={[Function]}
            square={0}
            value=""
          >
            <p
              className="css-1h92lle"
            >
              
            </p>
          </div>
          <div
            box={2}
            className="css-iz9zke"
            onClick={[Function]}
            square={1}
            value=""
          >
            <p
              className="css-1h92lle"
            >
              
            </p>
          </div>
          <div
            box={2}
            className="css-iz9zke"
            onClick={[Function]}
            square={2}
            value=""
          >
            <p
              className="css-1h92lle"
            >
              
            </p>
          </div>
        </div>
        <div
          className="css-sjhpqe"
        >
          <div
            box={2}
            className="css-iz9zke"
            onClick={[Function]}
            square={3}
            value=""
          >
            <p
              className="css-1h92lle"
            >
              
            </p>
          </div>
          <div
            box={2}
            className="css-iz9zke"
            onClick={[Function]}
            square={4}
            value=""
          >
            <p
              className="css-1h92lle"
            >
              
            </p>
          </div>
          <div
            box={2}
            className="css-iz9zke"
            onClick={[Function]}
            square={5}
            value=""
          >
            <p
              className="css-1h92lle"
            >
              
            </p>
          </div>
        </div>
        <div
          className="css-sjhpqe"
        >
          <div
            box={2}
            className="css-iz9zke"
            onClick={[Function]}
            square={6}
            value=""
          >
            <p
              className="css-1h92lle"
            >
              
            </p>
          </div>
          <div
            box={2}
            className="css-iz9zke"
            onClick={[Function]}
            square={7}
            value=""
          >
            <p
              className="css-1h92lle"
            >
              
            </p>
          </div>
          <div
            box={2}
            className="css-iz9zke"
            onClick={[Function]}
            square={8}
            value=""
          >
            <p
              className="css-1h92lle"
            >
              
            </p>
          </div>
        </div>
      </div>
    </div>
    <div
      className="css-1mzzuk6"
    >
      <div
        className="css-vkhxgo"
      >
        <div
          className="css-sjhpqe"
        >
          <div
            box={3}
            className="css-iz9zke"
            onClick={[Function]}
            square={0}
            value=""
          >
            <p
              className="css-1h92lle"
            >
              
            </p>
          </div>
          <div
            box={3}
            className="css-iz9zke"
            onClick={[Function]}
            square={1}
            value=""
          >
            <p
              className="css-1h92lle"
            >
              
            </p>
          </div>
          <div
            box={3}
            className="css-iz9zke"
            onClick={[Function]}
            square={2}
            value=""
          >
            <p
              className="css-1h92lle"
            >
              
            </p>
          </div>
        </div>
        <div
          className="css-sjhpqe"
        >
          <div
            box={3}
            className="css-iz9zke"
            onClick={[Function]}
            square={3}
            value=""
          >
            <p
              className="css-1h92lle"
            >
              
            </p>
          </div>
          <div
            box={3}
            className="css-iz9zke"
            onClick={[Function]}
            square={4}
            value=""
          >
            <p
              className="css-1h92lle"
            >
              
            </p>
          </div>
          <div
            box={3}
            className="css-iz9zke"
            onClick={[Function]}
            square={5}
            value=""
          >
            <p
              className="css-1h92lle"
            >
              
            </p>
          </div>
        </div>
        <div
          className="css-sjhpqe"
        >
          <div
            box={3}
            className="css-iz9zke"
            onClick={[Function]}
            square={6}
            value=""
          >
            <p
              className="css-1h92lle"
            >
              
            </p>
          </div>
          <div
            box={3}
            className="css-iz9zke"
            onClick={[Function]}
            square={7}
            value=""
          >
            <p
              className="css-1h92lle"
            >
              
            </p>
          </div>
          <div
            box={3}
            className="css-iz9zke"
            onClick={[Function]}
            square={8}
            value=""
          >
            <p
              className="css-1h92lle"
            >
              
            </p>
          </div>
        </div>
      </div>
      <div
        className="css-vkhxgo"
      >
        <div
          className="css-sjhpqe"
        >
          <div
            box={4}
            className="css-iz9zke"
            onClick={[Function]}
            square={0}
            value=""
          >
            <p
              className="css-1h92lle"
            >
              
            </p>
          </div>
          <div
            box={4}
            className="css-iz9zke"
            onClick={[Function]}
            square={1}
            value=""
          >
            <p
              className="css-1h92lle"
            >
              
            </p>
          </div>
          <div
            box={4}
            className="css-iz9zke"
            onClick={[Function]}
            square={2}
            value=""
          >
            <p
              className="css-1h92lle"
            >
              
            </p>
          </div>
        </div>
        <div
          className="css-sjhpqe"
        >
          <div
            box={4}
            className="css-iz9zke"
            onClick={[Function]}
            square={3}
            value=""
          >
            <p
              className="css-1h92lle"
            >
              
            </p>
          </div>
          <div
            box={4}
            className="css-iz9zke"
            onClick={[Function]}
            square={4}
            value=""
          >
            <p
              className="css-1h92lle"
            >
              
            </p>
          </div>
          <div
            box={4}
            className="css-iz9zke"
            onClick={[Function]}
            square={5}
            value=""
          >
            <p
              className="css-1h92lle"
            >
              
            </p>
          </div>
        </div>
        <div
          className="css-sjhpqe"
        >
          <div
            box={4}
            className="css-iz9zke"
            onClick={[Function]}
            square={6}
            value=""
          >
            <p
              className="css-1h92lle"
            >
              
            </p>
          </div>
          <div
            box={4}
            className="css-iz9zke"
            onClick={[Function]}
            square={7}
            value=""
          >
            <p
              className="css-1h92lle"
            >
              
            </p>
          </div>
          <div
            box={4}
            className="css-iz9zke"
            onClick={[Function]}
            square={8}
            value=""
          >
            <p
              className="css-1h92lle"
            >
              
            </p>
          </div>
        </div>
      </div>
      <div
        className="css-vkhxgo"
      >
        <div
          className="css-sjhpqe"
        >
          <div
            box={5}
            className="css-iz9zke"
            onClick={[Function]}
            square={0}
            value=""
          >
            <p
              className="css-1h92lle"
            >
              
            </p>
          </div>
          <div
            box={5}
            className="css-iz9zke"
            onClick={[Function]}
            square={1}
            value=""
          >
            <p
              className="css-1h92lle"
            >
              
            </p>
          </div>
          <div
            box={5}
            className="css-iz9zke"
            onClick={[Function]}
            square={2}
            value=""
          >
            <p
              className="css-1h92lle"
            >
              
            </p>
          </div>
        </div>
        <div
          className="css-sjhpqe"
        >
          <div
            box={5}
            className="css-iz9zke"
            onClick={[Function]}
            square={3}
            value=""
          >
            <p
              className="css-1h92lle"
            >
              
            </p>
          </div>
          <div
            box={5}
            className="css-iz9zke"
            onClick={[Function]}
            square={4}
            value=""
          >
            <p
              className="css-1h92lle"
            >
              
            </p>
          </div>
          <div
            box={5}
            className="css-iz9zke"
            onClick={[Function]}
            square={5}
            value=""
          >
            <p
              className="css-1h92lle"
            >
              
            </p>
          </div>
        </div>
        <div
          className="css-sjhpqe"
        >
          <div
            box={5}
            className="css-iz9zke"
            onClick={[Function]}
            square={6}
            value=""
          >
            <p
              className="css-1h92lle"
            >
              
            </p>
          </div>
          <div
            box={5}
            className="css-iz9zke"
            onClick={[Function]}
            square={7}
            value=""
          >
            <p
              className="css-1h92lle"
            >
              
            </p>
          </div>
          <div
            box={5}
            className="css-iz9zke"
            onClick={[Function]}
            square={8}
            value=""
          >
            <p
              className="css-1h92lle"
            >
              
            </p>
          </div>
        </div>
      </div>
    </div>
    <div
      className="css-1mzzuk6"
    >
      <div
        className="css-vkhxgo"
      >
        <div
          className="css-sjhpqe"
        >
          <div
            box={6}
            className="css-iz9zke"
            onClick={[Function]}
            square={0}
            value=""
          >
            <p
              className="css-1h92lle"
            >
              
            </p>
          </div>
          <div
            box={6}
            className="css-iz9zke"
            onClick={[Function]}
            square={1}
            value=""
          >
            <p
              className="css-1h92lle"
            >
              
            </p>
          </div>
          <div
            box={6}
            className="css-iz9zke"
            onClick={[Function]}
            square={2}
            value=""
          >
            <p
              className="css-1h92lle"
            >
              
            </p>
          </div>
        </div>
        <div
          className="css-sjhpqe"
        >
          <div
            box={6}
            className="css-iz9zke"
            onClick={[Function]}
            square={3}
            value=""
          >
            <p
              className="css-1h92lle"
            >
              
            </p>
          </div>
          <div
            box={6}
            className="css-iz9zke"
            onClick={[Function]}
            square={4}
            value=""
          >
            <p
              className="css-1h92lle"
            >
              
            </p>
          </div>
          <div
            box={6}
            className="css-iz9zke"
            onClick={[Function]}
            square={5}
            value=""
          >
            <p
              className="css-1h92lle"
            >
              
            </p>
          </div>
        </div>
        <div
          className="css-sjhpqe"
        >
          <div
            box={6}
            className="css-iz9zke"
            onClick={[Function]}
            square={6}
            value=""
          >
            <p
              className="css-1h92lle"
            >
              
            </p>
          </div>
          <div
            box={6}
            className="css-iz9zke"
            onClick={[Function]}
            square={7}
            value=""
          >
            <p
              className="css-1h92lle"
            >
              
            </p>
          </div>
          <div
            box={6}
            className="css-iz9zke"
            onClick={[Function]}
            square={8}
            value=""
          >
            <p
              className="css-1h92lle"
            >
              
            </p>
          </div>
        </div>
      </div>
      <div
        className="css-vkhxgo"
      >
        <div
          className="css-sjhpqe"
        >
          <div
            box={7}
            className="css-iz9zke"
            onClick={[Function]}
            square={0}
            value=""
          >
            <p
              className="css-1h92lle"
            >
              
            </p>
          </div>
          <div
            box={7}
            className="css-iz9zke"
            onClick={[Function]}
            square={1}
            value=""
          >
            <p
              className="css-1h92lle"
            >
              
            </p>
          </div>
          <div
            box={7}
            className="css-iz9zke"
            onClick={[Function]}
            square={2}
            value=""
          >
            <p
              className="css-1h92lle"
            >
              
            </p>
          </div>
        </div>
        <div
          className="css-sjhpqe"
        >
          <div
            box={7}
            className="css-iz9zke"
            onClick={[Function]}
            square={3}
            value=""
          >
            <p
              className="css-1h92lle"
            >
              
            </p>
          </div>
          <div
            box={7}
            className="css-iz9zke"
            onClick={[Function]}
            square={4}
            value=""
          >
            <p
              className="css-1h92lle"
            >
              
            </p>
          </div>
          <div
            box={7}
            className="css-iz9zke"
            onClick={[Function]}
            square={5}
            value=""
          >
            <p
              className="css-1h92lle"
            >
              
            </p>
          </div>
        </div>
        <div
          className="css-sjhpqe"
        >
          <div
            box={7}
            className="css-iz9zke"
            onClick={[Function]}
            square={6}
            value=""
          >
            <p
              className="css-1h92lle"
            >
              
            </p>
          </div>
          <div
            box={7}
            className="css-iz9zke"
            onClick={[Function]}
            square={7}
            value=""
          >
            <p
              className="css-1h92lle"
            >
              
            </p>
          </div>
          <div
            box={7}
            className="css-iz9zke"
            onClick={[Function]}
            square={8}
            value=""
          >
            <p
              className="css-1h92lle"
            >
              
            </p>
          </div>
        </div>
      </div>
      <div
        className="css-vkhxgo"
      >
        <div
          className="css-sjhpqe"
        >
          <div
            box={8}
            className="css-iz9zke"
            onClick={[Function]}
            square={0}
            value=""
          >
            <p
              className="css-1h92lle"
            >
              
            </p>
          </div>
          <div
            box={8}
            className="css-iz9zke"
            onClick={[Function]}
            square={1}
            value=""
          >
            <p
              className="css-1h92lle"
            >
              
            </p>
          </div>
          <div
            box={8}
            className="css-iz9zke"
            onClick={[Function]}
            square={2}
            value=""
          >
            <p
              className="css-1h92lle"
            >
              
            </p>
          </div>
        </div>
        <div
          className="css-sjhpqe"
        >
          <div
            box={8}
            className="css-iz9zke"
            onClick={[Function]}
            square={3}
            value=""
          >
            <p
              className="css-1h92lle"
            >
              
            </p>
          </div>
          <div
            box={8}
            className="css-iz9zke"
            onClick={[Function]}
            square={4}
            value=""
          >
            <p
              className="css-1h92lle"
            >
              
            </p>
          </div>
          <div
            box={8}
            className="css-iz9zke"
            onClick={[Function]}
            square={5}
            value=""
          >
            <p
              className="css-1h92lle"
            >
              
            </p>
          </div>
        </div>
        <div
          className="css-sjhpqe"
        >
          <div
            box={8}
            className="css-iz9zke"
            onClick={[Function]}
            square={6}
            value=""
          >
            <p
              className="css-1h92lle"
            >
              
            </p>
          </div>
          <div
            box={8}
            className="css-iz9zke"
            onClick={[Function]}
            square={7}
            value=""
          >
            <p
              className="css-1h92lle"
            >
              
            </p>
          </div>
          <div
            box={8}
            className="css-iz9zke"
            onClick={[Function]}
            square={8}
            value=""
          >
            <p
              className="css-1h92lle"
            >
              
            </p>
          </div>
        </div>
      </div>
    </div>
  </div>
</div>
`;
