// Jest Snapshot v1, https://goo.gl/fbAQLP

exports[`displays the win message when the sudoku is solved 1`] = `
<div
  className="App"
>
  <div
    className="WinMessage-container"
  >
    <div
      className="WinMessage"
    >
      <p
        className="WinMessage-text"
      >
        Solved!
      </p>
      <button
        className="WinMessage-button"
        onClick={[Function]}
      >
        Again?
      </button>
    </div>
  </div>
  <div
    className="Sudoku"
  >
    <div
      className="Row"
    >
      <div
        className="Box"
      >
        <div
          className="Box-row"
        >
          <div
            className="Square"
            onClick={[Function]}
          >
            4
          </div>
          <div
            className="Square"
            onClick={[Function]}
          >
            8
          </div>
          <div
            className="Square"
            onClick={[Function]}
          >
            3
          </div>
        </div>
        <div
          className="Box-row"
        >
          <div
            className="Square"
            onClick={[Function]}
          >
            1
          </div>
          <div
            className="Square"
            onClick={[Function]}
          >
            9
          </div>
          <div
            className="Square"
            onClick={[Function]}
          >
            7
          </div>
        </div>
        <div
          className="Box-row"
        >
          <div
            className="Square"
            onClick={[Function]}
          >
            5
          </div>
          <div
            className="Square"
            onClick={[Function]}
          >
            6
          </div>
          <div
            className="Square"
            onClick={[Function]}
          >
            2
          </div>
        </div>
      </div>
      <div
        className="Box"
      >
        <div
          className="Box-row"
        >
          <div
            className="Square"
            onClick={[Function]}
          >
            5
          </div>
          <div
            className="Square"
            onClick={[Function]}
          >
            6
          </div>
          <div
            className="Square"
            onClick={[Function]}
          >
            7
          </div>
        </div>
        <div
          className="Box-row"
        >
          <div
            className="Square"
            onClick={[Function]}
          >
            8
          </div>
          <div
            className="Square"
            onClick={[Function]}
          >
            2
          </div>
          <div
            className="Square"
            onClick={[Function]}
          >
            3
          </div>
        </div>
        <div
          className="Box-row"
        >
          <div
            className="Square"
            onClick={[Function]}
          >
            1
          </div>
          <div
            className="Square"
            onClick={[Function]}
          >
            4
          </div>
          <div
            className="Square"
            onClick={[Function]}
          >
            9
          </div>
        </div>
      </div>
      <div
        className="Box"
      >
        <div
          className="Box-row"
        >
          <div
            className="Square"
            onClick={[Function]}
          >
            1
          </div>
          <div
            className="Square"
            onClick={[Function]}
          >
            2
          </div>
          <div
            className="Square"
            onClick={[Function]}
          >
            9
          </div>
        </div>
        <div
          className="Box-row"
        >
          <div
            className="Square"
            onClick={[Function]}
          >
            4
          </div>
          <div
            className="Square"
            onClick={[Function]}
          >
            6
          </div>
          <div
            className="Square"
            onClick={[Function]}
          >
            5
          </div>
        </div>
        <div
          className="Box-row"
        >
          <div
            className="Square"
            onClick={[Function]}
          >
            8
          </div>
          <div
            className="Square"
            onClick={[Function]}
          >
            7
          </div>
          <div
            className="Square"
            onClick={[Function]}
          >
            3
          </div>
        </div>
      </div>
    </div>
    <div
      className="Row"
    >
      <div
        className="Box"
      >
        <div
          className="Box-row"
        >
          <div
            className="Square"
            onClick={[Function]}
          >
            7
          </div>
          <div
            className="Square"
            onClick={[Function]}
          >
            4
          </div>
          <div
            className="Square"
            onClick={[Function]}
          >
            2
          </div>
        </div>
        <div
          className="Box-row"
        >
          <div
            className="Square"
            onClick={[Function]}
          >
            6
          </div>
          <div
            className="Square"
            onClick={[Function]}
          >
            8
          </div>
          <div
            className="Square"
            onClick={[Function]}
          >
            9
          </div>
        </div>
        <div
          className="Box-row"
        >
          <div
            className="Square"
            onClick={[Function]}
          >
            3
          </div>
          <div
            className="Square"
            onClick={[Function]}
          >
            5
          </div>
          <div
            className="Square"
            onClick={[Function]}
          >
            1
          </div>
        </div>
      </div>
      <div
        className="Box"
      >
        <div
          className="Box-row"
        >
          <div
            className="Square"
            onClick={[Function]}
          >
            3
          </div>
          <div
            className="Square"
            onClick={[Function]}
          >
            5
          </div>
          <div
            className="Square"
            onClick={[Function]}
          >
            8
          </div>
        </div>
        <div
          className="Box-row"
        >
          <div
            className="Square"
            onClick={[Function]}
          >
            7
          </div>
          <div
            className="Square"
            onClick={[Function]}
          >
            4
          </div>
          <div
            className="Square"
            onClick={[Function]}
          >
            1
          </div>
        </div>
        <div
          className="Box-row"
        >
          <div
            className="Square"
            onClick={[Function]}
          >
            9
          </div>
          <div
            className="Square"
            onClick={[Function]}
          >
            2
          </div>
          <div
            className="Square"
            onClick={[Function]}
          >
            6
          </div>
        </div>
      </div>
      <div
        className="Box"
      >
        <div
          className="Box-row"
        >
          <div
            className="Square"
            onClick={[Function]}
          >
            6
          </div>
          <div
            className="Square"
            onClick={[Function]}
          >
            9
          </div>
          <div
            className="Square"
            onClick={[Function]}
          >
            1
          </div>
        </div>
        <div
          className="Box-row"
        >
          <div
            className="Square"
            onClick={[Function]}
          >
            3
          </div>
          <div
            className="Square"
            onClick={[Function]}
          >
            5
          </div>
          <div
            className="Square"
            onClick={[Function]}
          >
            2
          </div>
        </div>
        <div
          className="Box-row"
        >
          <div
            className="Square"
            onClick={[Function]}
          >
            4
          </div>
          <div
            className="Square"
            onClick={[Function]}
          >
            8
          </div>
          <div
            className="Square"
            onClick={[Function]}
          >
            7
          </div>
        </div>
      </div>
    </div>
    <div
      className="Row"
    >
      <div
        className="Box"
      >
        <div
          className="Box-row"
        >
          <div
            className="Square"
            onClick={[Function]}
          >
            9
          </div>
          <div
            className="Square"
            onClick={[Function]}
          >
            7
          </div>
          <div
            className="Square"
            onClick={[Function]}
          >
            6
          </div>
        </div>
        <div
          className="Box-row"
        >
          <div
            className="Square"
            onClick={[Function]}
          >
            5
          </div>
          <div
            className="Square"
            onClick={[Function]}
          >
            3
          </div>
          <div
            className="Square"
            onClick={[Function]}
          >
            4
          </div>
        </div>
        <div
          className="Box-row"
        >
          <div
            className="Square"
            onClick={[Function]}
          >
            2
          </div>
          <div
            className="Square"
            onClick={[Function]}
          >
            1
          </div>
          <div
            className="Square"
            onClick={[Function]}
          >
            8
          </div>
        </div>
      </div>
      <div
        className="Box"
      >
        <div
          className="Box-row"
        >
          <div
            className="Square"
            onClick={[Function]}
          >
            2
          </div>
          <div
            className="Square"
            onClick={[Function]}
          >
            1
          </div>
          <div
            className="Square"
            onClick={[Function]}
          >
            5
          </div>
        </div>
        <div
          className="Box-row"
        >
          <div
            className="Square"
            onClick={[Function]}
          >
            9
          </div>
          <div
            className="Square"
            onClick={[Function]}
          >
            7
          </div>
          <div
            className="Square"
            onClick={[Function]}
          >
            8
          </div>
        </div>
        <div
          className="Box-row"
        >
          <div
            className="Square"
            onClick={[Function]}
          >
            6
          </div>
          <div
            className="Square"
            onClick={[Function]}
          >
            3
          </div>
          <div
            className="Square"
            onClick={[Function]}
          >
            4
          </div>
        </div>
      </div>
      <div
        className="Box"
      >
        <div
          className="Box-row"
        >
          <div
            className="Square"
            onClick={[Function]}
          >
            8
          </div>
          <div
            className="Square"
            onClick={[Function]}
          >
            3
          </div>
          <div
            className="Square"
            onClick={[Function]}
          >
            4
          </div>
        </div>
        <div
          className="Box-row"
        >
          <div
            className="Square"
            onClick={[Function]}
          >
            2
          </div>
          <div
            className="Square"
            onClick={[Function]}
          >
            1
          </div>
          <div
            className="Square"
            onClick={[Function]}
          >
            6
          </div>
        </div>
        <div
          className="Box-row"
        >
          <div
            className="Square"
            onClick={[Function]}
          >
            7
          </div>
          <div
            className="Square"
            onClick={[Function]}
          >
            9
          </div>
          <div
            className="Square"
            onClick={[Function]}
          >
            5
          </div>
        </div>
      </div>
    </div>
  </div>
  <p>
    Difficulty: 
    Infinity
  </p>
</div>
`;

exports[`renders the App component as intended 1`] = `
<div
  className="App"
>
  <ListenerWrapper
    onKeyPress={[Function]}
  >
    <WinMessage
      resetFunction={[Function]}
      solved={false}
    />
    <Sudoku
      grid={
        Array [
          Array [
            "",
            "",
            "",
            "",
            "",
            "",
            "",
            "",
            "",
          ],
          Array [
            "",
            "",
            "",
            "",
            "",
            "",
            "",
            "",
            "",
          ],
          Array [
            "",
            "",
            "",
            "",
            "",
            "",
            "",
            "",
            "",
          ],
          Array [
            "",
            "",
            "",
            "",
            "",
            "",
            "",
            "",
            "",
          ],
          Array [
            "",
            "",
            "",
            "",
            "",
            "",
            "",
            "",
            "",
          ],
          Array [
            "",
            "",
            "",
            "",
            "",
            "",
            "",
            "",
            "",
          ],
          Array [
            "",
            "",
            "",
            "",
            "",
            "",
            "",
            "",
            "",
          ],
          Array [
            "",
            "",
            "",
            "",
            "",
            "",
            "",
            "",
            "",
          ],
          Array [
            "",
            "",
            "",
            "",
            "",
            "",
            "",
            "",
            "",
          ],
        ]
      }
      lockedCells={Array []}
      selectSquare={[Function]}
      selectedBox={null}
      selectedSquare={null}
    />
    <p>
      Difficulty: 
      Infinity
    </p>
  </ListenerWrapper>
</div>
`;
