// Jest Snapshot v1, https://goo.gl/fbAQLP

exports[`renders the App component as intended 1`] = `
.c6 {
  padding: 4px;
  display: inline-block;
}

.c5 {
  background-color: rgba(255,255,255,1);
  font-weight: normal;
  display: inline-block;
  width: 24px;
  height: 24px;
  padding: 3px;
  text-align: center;
  vertical-align: middle;
  border: 1px solid rgb(64,64,64);
}

.c3 {
  border: 1px solid #000000;
}

.c4 {
  display: table;
}

.c2 {
  display: -webkit-box;
  display: -webkit-flex;
  display: -ms-flexbox;
  display: flex;
}

.c0 {
  width: 294px;
  font-family: sans-serif;
  position: fixed;
  top: 50%;
  left: 50%;
  -webkit-transform: translate(-50%,-50%);
  -ms-transform: translate(-50%,-50%);
  transform: translate(-50%,-50%);
}

.c1 {
  margin-bottom: 8px;
}

<div
  className="c0"
>
  <div
    className="c1"
  >
    Difficulty: 
    Infinity
  </div>
  <div>
    <div
      className="c2"
    >
      <div
        className="c3"
      >
        <div
          className="c4"
        >
          <div
            className="c5"
            onClick={[Function]}
            value=""
          >
            <p
              className="c6"
            >
              
            </p>
          </div>
          <div
            className="c5"
            onClick={[Function]}
            value=""
          >
            <p
              className="c6"
            >
              
            </p>
          </div>
          <div
            className="c5"
            onClick={[Function]}
            value=""
          >
            <p
              className="c6"
            >
              
            </p>
          </div>
        </div>
        <div
          className="c4"
        >
          <div
            className="c5"
            onClick={[Function]}
            value=""
          >
            <p
              className="c6"
            >
              
            </p>
          </div>
          <div
            className="c5"
            onClick={[Function]}
            value=""
          >
            <p
              className="c6"
            >
              
            </p>
          </div>
          <div
            className="c5"
            onClick={[Function]}
            value=""
          >
            <p
              className="c6"
            >
              
            </p>
          </div>
        </div>
        <div
          className="c4"
        >
          <div
            className="c5"
            onClick={[Function]}
            value=""
          >
            <p
              className="c6"
            >
              
            </p>
          </div>
          <div
            className="c5"
            onClick={[Function]}
            value=""
          >
            <p
              className="c6"
            >
              
            </p>
          </div>
          <div
            className="c5"
            onClick={[Function]}
            value=""
          >
            <p
              className="c6"
            >
              
            </p>
          </div>
        </div>
      </div>
      <div
        className="c3"
      >
        <div
          className="c4"
        >
          <div
            className="c5"
            onClick={[Function]}
            value=""
          >
            <p
              className="c6"
            >
              
            </p>
          </div>
          <div
            className="c5"
            onClick={[Function]}
            value=""
          >
            <p
              className="c6"
            >
              
            </p>
          </div>
          <div
            className="c5"
            onClick={[Function]}
            value=""
          >
            <p
              className="c6"
            >
              
            </p>
          </div>
        </div>
        <div
          className="c4"
        >
          <div
            className="c5"
            onClick={[Function]}
            value=""
          >
            <p
              className="c6"
            >
              
            </p>
          </div>
          <div
            className="c5"
            onClick={[Function]}
            value=""
          >
            <p
              className="c6"
            >
              
            </p>
          </div>
          <div
            className="c5"
            onClick={[Function]}
            value=""
          >
            <p
              className="c6"
            >
              
            </p>
          </div>
        </div>
        <div
          className="c4"
        >
          <div
            className="c5"
            onClick={[Function]}
            value=""
          >
            <p
              className="c6"
            >
              
            </p>
          </div>
          <div
            className="c5"
            onClick={[Function]}
            value=""
          >
            <p
              className="c6"
            >
              
            </p>
          </div>
          <div
            className="c5"
            onClick={[Function]}
            value=""
          >
            <p
              className="c6"
            >
              
            </p>
          </div>
        </div>
      </div>
      <div
        className="c3"
      >
        <div
          className="c4"
        >
          <div
            className="c5"
            onClick={[Function]}
            value=""
          >
            <p
              className="c6"
            >
              
            </p>
          </div>
          <div
            className="c5"
            onClick={[Function]}
            value=""
          >
            <p
              className="c6"
            >
              
            </p>
          </div>
          <div
            className="c5"
            onClick={[Function]}
            value=""
          >
            <p
              className="c6"
            >
              
            </p>
          </div>
        </div>
        <div
          className="c4"
        >
          <div
            className="c5"
            onClick={[Function]}
            value=""
          >
            <p
              className="c6"
            >
              
            </p>
          </div>
          <div
            className="c5"
            onClick={[Function]}
            value=""
          >
            <p
              className="c6"
            >
              
            </p>
          </div>
          <div
            className="c5"
            onClick={[Function]}
            value=""
          >
            <p
              className="c6"
            >
              
            </p>
          </div>
        </div>
        <div
          className="c4"
        >
          <div
            className="c5"
            onClick={[Function]}
            value=""
          >
            <p
              className="c6"
            >
              
            </p>
          </div>
          <div
            className="c5"
            onClick={[Function]}
            value=""
          >
            <p
              className="c6"
            >
              
            </p>
          </div>
          <div
            className="c5"
            onClick={[Function]}
            value=""
          >
            <p
              className="c6"
            >
              
            </p>
          </div>
        </div>
      </div>
    </div>
    <div
      className="c2"
    >
      <div
        className="c3"
      >
        <div
          className="c4"
        >
          <div
            className="c5"
            onClick={[Function]}
            value=""
          >
            <p
              className="c6"
            >
              
            </p>
          </div>
          <div
            className="c5"
            onClick={[Function]}
            value=""
          >
            <p
              className="c6"
            >
              
            </p>
          </div>
          <div
            className="c5"
            onClick={[Function]}
            value=""
          >
            <p
              className="c6"
            >
              
            </p>
          </div>
        </div>
        <div
          className="c4"
        >
          <div
            className="c5"
            onClick={[Function]}
            value=""
          >
            <p
              className="c6"
            >
              
            </p>
          </div>
          <div
            className="c5"
            onClick={[Function]}
            value=""
          >
            <p
              className="c6"
            >
              
            </p>
          </div>
          <div
            className="c5"
            onClick={[Function]}
            value=""
          >
            <p
              className="c6"
            >
              
            </p>
          </div>
        </div>
        <div
          className="c4"
        >
          <div
            className="c5"
            onClick={[Function]}
            value=""
          >
            <p
              className="c6"
            >
              
            </p>
          </div>
          <div
            className="c5"
            onClick={[Function]}
            value=""
          >
            <p
              className="c6"
            >
              
            </p>
          </div>
          <div
            className="c5"
            onClick={[Function]}
            value=""
          >
            <p
              className="c6"
            >
              
            </p>
          </div>
        </div>
      </div>
      <div
        className="c3"
      >
        <div
          className="c4"
        >
          <div
            className="c5"
            onClick={[Function]}
            value=""
          >
            <p
              className="c6"
            >
              
            </p>
          </div>
          <div
            className="c5"
            onClick={[Function]}
            value=""
          >
            <p
              className="c6"
            >
              
            </p>
          </div>
          <div
            className="c5"
            onClick={[Function]}
            value=""
          >
            <p
              className="c6"
            >
              
            </p>
          </div>
        </div>
        <div
          className="c4"
        >
          <div
            className="c5"
            onClick={[Function]}
            value=""
          >
            <p
              className="c6"
            >
              
            </p>
          </div>
          <div
            className="c5"
            onClick={[Function]}
            value=""
          >
            <p
              className="c6"
            >
              
            </p>
          </div>
          <div
            className="c5"
            onClick={[Function]}
            value=""
          >
            <p
              className="c6"
            >
              
            </p>
          </div>
        </div>
        <div
          className="c4"
        >
          <div
            className="c5"
            onClick={[Function]}
            value=""
          >
            <p
              className="c6"
            >
              
            </p>
          </div>
          <div
            className="c5"
            onClick={[Function]}
            value=""
          >
            <p
              className="c6"
            >
              
            </p>
          </div>
          <div
            className="c5"
            onClick={[Function]}
            value=""
          >
            <p
              className="c6"
            >
              
            </p>
          </div>
        </div>
      </div>
      <div
        className="c3"
      >
        <div
          className="c4"
        >
          <div
            className="c5"
            onClick={[Function]}
            value=""
          >
            <p
              className="c6"
            >
              
            </p>
          </div>
          <div
            className="c5"
            onClick={[Function]}
            value=""
          >
            <p
              className="c6"
            >
              
            </p>
          </div>
          <div
            className="c5"
            onClick={[Function]}
            value=""
          >
            <p
              className="c6"
            >
              
            </p>
          </div>
        </div>
        <div
          className="c4"
        >
          <div
            className="c5"
            onClick={[Function]}
            value=""
          >
            <p
              className="c6"
            >
              
            </p>
          </div>
          <div
            className="c5"
            onClick={[Function]}
            value=""
          >
            <p
              className="c6"
            >
              
            </p>
          </div>
          <div
            className="c5"
            onClick={[Function]}
            value=""
          >
            <p
              className="c6"
            >
              
            </p>
          </div>
        </div>
        <div
          className="c4"
        >
          <div
            className="c5"
            onClick={[Function]}
            value=""
          >
            <p
              className="c6"
            >
              
            </p>
          </div>
          <div
            className="c5"
            onClick={[Function]}
            value=""
          >
            <p
              className="c6"
            >
              
            </p>
          </div>
          <div
            className="c5"
            onClick={[Function]}
            value=""
          >
            <p
              className="c6"
            >
              
            </p>
          </div>
        </div>
      </div>
    </div>
    <div
      className="c2"
    >
      <div
        className="c3"
      >
        <div
          className="c4"
        >
          <div
            className="c5"
            onClick={[Function]}
            value=""
          >
            <p
              className="c6"
            >
              
            </p>
          </div>
          <div
            className="c5"
            onClick={[Function]}
            value=""
          >
            <p
              className="c6"
            >
              
            </p>
          </div>
          <div
            className="c5"
            onClick={[Function]}
            value=""
          >
            <p
              className="c6"
            >
              
            </p>
          </div>
        </div>
        <div
          className="c4"
        >
          <div
            className="c5"
            onClick={[Function]}
            value=""
          >
            <p
              className="c6"
            >
              
            </p>
          </div>
          <div
            className="c5"
            onClick={[Function]}
            value=""
          >
            <p
              className="c6"
            >
              
            </p>
          </div>
          <div
            className="c5"
            onClick={[Function]}
            value=""
          >
            <p
              className="c6"
            >
              
            </p>
          </div>
        </div>
        <div
          className="c4"
        >
          <div
            className="c5"
            onClick={[Function]}
            value=""
          >
            <p
              className="c6"
            >
              
            </p>
          </div>
          <div
            className="c5"
            onClick={[Function]}
            value=""
          >
            <p
              className="c6"
            >
              
            </p>
          </div>
          <div
            className="c5"
            onClick={[Function]}
            value=""
          >
            <p
              className="c6"
            >
              
            </p>
          </div>
        </div>
      </div>
      <div
        className="c3"
      >
        <div
          className="c4"
        >
          <div
            className="c5"
            onClick={[Function]}
            value=""
          >
            <p
              className="c6"
            >
              
            </p>
          </div>
          <div
            className="c5"
            onClick={[Function]}
            value=""
          >
            <p
              className="c6"
            >
              
            </p>
          </div>
          <div
            className="c5"
            onClick={[Function]}
            value=""
          >
            <p
              className="c6"
            >
              
            </p>
          </div>
        </div>
        <div
          className="c4"
        >
          <div
            className="c5"
            onClick={[Function]}
            value=""
          >
            <p
              className="c6"
            >
              
            </p>
          </div>
          <div
            className="c5"
            onClick={[Function]}
            value=""
          >
            <p
              className="c6"
            >
              
            </p>
          </div>
          <div
            className="c5"
            onClick={[Function]}
            value=""
          >
            <p
              className="c6"
            >
              
            </p>
          </div>
        </div>
        <div
          className="c4"
        >
          <div
            className="c5"
            onClick={[Function]}
            value=""
          >
            <p
              className="c6"
            >
              
            </p>
          </div>
          <div
            className="c5"
            onClick={[Function]}
            value=""
          >
            <p
              className="c6"
            >
              
            </p>
          </div>
          <div
            className="c5"
            onClick={[Function]}
            value=""
          >
            <p
              className="c6"
            >
              
            </p>
          </div>
        </div>
      </div>
      <div
        className="c3"
      >
        <div
          className="c4"
        >
          <div
            className="c5"
            onClick={[Function]}
            value=""
          >
            <p
              className="c6"
            >
              
            </p>
          </div>
          <div
            className="c5"
            onClick={[Function]}
            value=""
          >
            <p
              className="c6"
            >
              
            </p>
          </div>
          <div
            className="c5"
            onClick={[Function]}
            value=""
          >
            <p
              className="c6"
            >
              
            </p>
          </div>
        </div>
        <div
          className="c4"
        >
          <div
            className="c5"
            onClick={[Function]}
            value=""
          >
            <p
              className="c6"
            >
              
            </p>
          </div>
          <div
            className="c5"
            onClick={[Function]}
            value=""
          >
            <p
              className="c6"
            >
              
            </p>
          </div>
          <div
            className="c5"
            onClick={[Function]}
            value=""
          >
            <p
              className="c6"
            >
              
            </p>
          </div>
        </div>
        <div
          className="c4"
        >
          <div
            className="c5"
            onClick={[Function]}
            value=""
          >
            <p
              className="c6"
            >
              
            </p>
          </div>
          <div
            className="c5"
            onClick={[Function]}
            value=""
          >
            <p
              className="c6"
            >
              
            </p>
          </div>
          <div
            className="c5"
            onClick={[Function]}
            value=""
          >
            <p
              className="c6"
            >
              
            </p>
          </div>
        </div>
      </div>
    </div>
  </div>
</div>
`;
