// Jest Snapshot v1, https://goo.gl/fbAQLP

exports[`renders the Box component as intended 1`] = `
<div
  className="css-vkhxgo"
>
  <div
    className="css-sjhpqe"
  >
    <Square
      box={0}
      isLocked={false}
      isSelected={true}
      onClick={[Function]}
      square={0}
      value="1"
    />
    <Square
      box={0}
      isLocked={true}
      isSelected={false}
      onClick={[Function]}
      square={1}
      value=""
    />
    <Square
      box={0}
      isLocked={false}
      isSelected={false}
      onClick={[Function]}
      square={2}
      value=""
    />
  </div>
  <div
    className="css-sjhpqe"
  >
    <Square
      box={0}
      isLocked={false}
      isSelected={false}
      onClick={[Function]}
      square={3}
      value=""
    />
    <Square
      box={0}
      isLocked={false}
      isSelected={false}
      onClick={[Function]}
      square={4}
      value=""
    />
    <Square
      box={0}
      isLocked={false}
      isSelected={false}
      onClick={[Function]}
      square={5}
      value=""
    />
  </div>
  <div
    className="css-sjhpqe"
  >
    <Square
      box={0}
      isLocked={false}
      isSelected={false}
      onClick={[Function]}
      square={6}
      value=""
    />
    <Square
      box={0}
      isLocked={false}
      isSelected={false}
      onClick={[Function]}
      square={7}
      value=""
    />
    <Square
      box={0}
      isLocked={false}
      isSelected={false}
      onClick={[Function]}
      square={8}
      value=""
    />
  </div>
</div>
`;
