// Jest Snapshot v1, https://goo.gl/fbAQLP

exports[`renders the Box component as intended 1`] = `
<div
  className="Box"
>
  <div
    className="Box-row"
  >
    <div
      className="Square"
      onClick={[Function]}
    >
      1
    </div>
    <div
      className="Square"
      onClick={[Function]}
    />
    <div
      className="Square"
      onClick={[Function]}
    />
  </div>
  <div
    className="Box-row"
  >
    <div
      className="Square"
      onClick={[Function]}
    />
    <div
      className="Square"
      onClick={[Function]}
    />
    <div
      className="Square"
      onClick={[Function]}
    />
  </div>
  <div
    className="Box-row"
  >
    <div
      className="Square"
      onClick={[Function]}
    />
    <div
      className="Square"
      onClick={[Function]}
    />
    <div
      className="Square"
      onClick={[Function]}
    />
  </div>
</div>
`;
