// Jest Snapshot v1, https://goo.gl/fbAQLP

exports[`renders the Sudoku component as intended 1`] = `
<div>
  <styled.div>
    <Box
      box={0}
      lockedCells={undefined}
      onClick={undefined}
      selectedBox={undefined}
      selectedSquare={undefined}
      values={
        Array [
          "",
          "",
          "",
          "",
          "",
          "",
          "",
          "",
          "",
        ]
      }
    />
    <Box
      box={1}
      lockedCells={undefined}
      onClick={undefined}
      selectedBox={undefined}
      selectedSquare={undefined}
      values={
        Array [
          "",
          "",
          "",
          "",
          "",
          "",
          "",
          "",
          "",
        ]
      }
    />
    <Box
      box={2}
      lockedCells={undefined}
      onClick={undefined}
      selectedBox={undefined}
      selectedSquare={undefined}
      values={
        Array [
          "",
          "",
          "",
          "",
          "",
          "",
          "",
          "",
          "",
        ]
      }
    />
  </styled.div>
  <styled.div>
    <Box
      box={3}
      lockedCells={undefined}
      onClick={undefined}
      selectedBox={undefined}
      selectedSquare={undefined}
      values={
        Array [
          "",
          "",
          "",
          "",
          "",
          "",
          "",
          "",
          "",
        ]
      }
    />
    <Box
      box={4}
      lockedCells={undefined}
      onClick={undefined}
      selectedBox={undefined}
      selectedSquare={undefined}
      values={
        Array [
          "",
          "",
          "",
          "",
          "",
          "",
          "",
          "",
          "",
        ]
      }
    />
    <Box
      box={5}
      lockedCells={undefined}
      onClick={undefined}
      selectedBox={undefined}
      selectedSquare={undefined}
      values={
        Array [
          "",
          "",
          "",
          "",
          "",
          "",
          "",
          "",
          "",
        ]
      }
    />
  </styled.div>
  <styled.div>
    <Box
      box={6}
      lockedCells={undefined}
      onClick={undefined}
      selectedBox={undefined}
      selectedSquare={undefined}
      values={
        Array [
          "",
          "",
          "",
          "",
          "",
          "",
          "",
          "",
          "",
        ]
      }
    />
    <Box
      box={7}
      lockedCells={undefined}
      onClick={undefined}
      selectedBox={undefined}
      selectedSquare={undefined}
      values={
        Array [
          "",
          "",
          "",
          "",
          "",
          "",
          "",
          "",
          "",
        ]
      }
    />
    <Box
      box={8}
      lockedCells={undefined}
      onClick={undefined}
      selectedBox={undefined}
      selectedSquare={undefined}
      values={
        Array [
          "",
          "",
          "",
          "",
          "",
          "",
          "",
          "",
          "",
        ]
      }
    />
  </styled.div>
</div>
`;
