// Jest Snapshot v1, https://goo.gl/fbAQLP

exports[`renders the Sudoku component as intended 1`] = `
<div>
  <div
    className="Row"
  >
    <Box
      onChange={[Function]}
      position={0}
      values={
        Array [
          "",
          "",
          "",
          "",
          "",
          "",
          "",
          "",
          "",
        ]
      }
    />
    <Box
      onChange={[Function]}
      position={1}
      values={
        Array [
          "",
          "",
          "",
          "",
          "",
          "",
          "",
          "",
          "",
        ]
      }
    />
    <Box
      onChange={[Function]}
      position={2}
      values={
        Array [
          "",
          "",
          "",
          "",
          "",
          "",
          "",
          "",
          "",
        ]
      }
    />
  </div>
  <div
    className="Row"
  >
    <Box
      onChange={[Function]}
      position={3}
      values={
        Array [
          "",
          "",
          "",
          "",
          "",
          "",
          "",
          "",
          "",
        ]
      }
    />
    <Box
      onChange={[Function]}
      position={4}
      values={
        Array [
          "",
          "",
          "",
          "",
          "",
          "",
          "",
          "",
          "",
        ]
      }
    />
    <Box
      onChange={[Function]}
      position={5}
      values={
        Array [
          "",
          "",
          "",
          "",
          "",
          "",
          "",
          "",
          "",
        ]
      }
    />
  </div>
  <div
    className="Row"
  >
    <Box
      onChange={[Function]}
      position={6}
      values={
        Array [
          "",
          "",
          "",
          "",
          "",
          "",
          "",
          "",
          "",
        ]
      }
    />
    <Box
      onChange={[Function]}
      position={7}
      values={
        Array [
          "",
          "",
          "",
          "",
          "",
          "",
          "",
          "",
          "",
        ]
      }
    />
    <Box
      onChange={[Function]}
      position={8}
      values={
        Array [
          "",
          "",
          "",
          "",
          "",
          "",
          "",
          "",
          "",
        ]
      }
    />
  </div>
</div>
`;
