// Jest Snapshot v1, https://goo.gl/fbAQLP

exports[`renders the Sudoku component as intended 1`] = `
<ListenerWrapper
  onKeyPress={[Function]}
>
  <div>
    <div
      className="Row"
    >
      <Box
        onClick={[Function]}
        position={0}
        selectedBox={null}
        selectedSquare={null}
        values={
          Array [
            "",
            "",
            "",
            "",
            "",
            "",
            "",
            "",
            "",
          ]
        }
      />
      <Box
        onClick={[Function]}
        position={1}
        selectedBox={null}
        selectedSquare={null}
        values={
          Array [
            "",
            "",
            "",
            "",
            "",
            "",
            "",
            "",
            "",
          ]
        }
      />
      <Box
        onClick={[Function]}
        position={2}
        selectedBox={null}
        selectedSquare={null}
        values={
          Array [
            "",
            "",
            "",
            "",
            "",
            "",
            "",
            "",
            "",
          ]
        }
      />
    </div>
    <div
      className="Row"
    >
      <Box
        onClick={[Function]}
        position={3}
        selectedBox={null}
        selectedSquare={null}
        values={
          Array [
            "",
            "",
            "",
            "",
            "",
            "",
            "",
            "",
            "",
          ]
        }
      />
      <Box
        onClick={[Function]}
        position={4}
        selectedBox={null}
        selectedSquare={null}
        values={
          Array [
            "",
            "",
            "",
            "",
            "",
            "",
            "",
            "",
            "",
          ]
        }
      />
      <Box
        onClick={[Function]}
        position={5}
        selectedBox={null}
        selectedSquare={null}
        values={
          Array [
            "",
            "",
            "",
            "",
            "",
            "",
            "",
            "",
            "",
          ]
        }
      />
    </div>
    <div
      className="Row"
    >
      <Box
        onClick={[Function]}
        position={6}
        selectedBox={null}
        selectedSquare={null}
        values={
          Array [
            "",
            "",
            "",
            "",
            "",
            "",
            "",
            "",
            "",
          ]
        }
      />
      <Box
        onClick={[Function]}
        position={7}
        selectedBox={null}
        selectedSquare={null}
        values={
          Array [
            "",
            "",
            "",
            "",
            "",
            "",
            "",
            "",
            "",
          ]
        }
      />
      <Box
        onClick={[Function]}
        position={8}
        selectedBox={null}
        selectedSquare={null}
        values={
          Array [
            "",
            "",
            "",
            "",
            "",
            "",
            "",
            "",
            "",
          ]
        }
      />
    </div>
  </div>
</ListenerWrapper>
`;
